[kazwire.com/index.html]
[kazwire.com/favicon.ico]
[backblue.gif]
[fade.gif]
[index.html]
[pagead2.googlesyndication.com/pagead/js/fed9e.txt]
[kazwire.com/_app/immutable/assets/0.5c857408.css]
[kazwire.com/_app/immutable/assets/2.f76ac12e.css]
[kazwire.com/logo.png]
[kazwire.com/search.html]
[kazwire.com/games.html]
[kazwire.com/apps.html]
[kazwire.com/legal/dmca.html]
[kazwire.com/about-the-developers.html]
[kazwire.com/embed.html]
[kazwire.com/request.html]
[kazwire.com/discord/prompt.html]
[kazwire.com/faq.html]
[kazwire.com/final-grade.html]
[kazwire.com/legal/privacy-policy.html]
[kazwire.com/legal/tos.html]
[kazwire.com/_app/immutable/entry/start.90c23e51.js]
[kazwire.com/index.html]
[kazwire.com/_app/immutable/assets/0.5c857408.css]
[kazwire.com/_app/immutable/assets/2.f76ac12e.css]
[kazwire.com/_app/immutable/entry/app.18a8858f.js]
[kazwire.com/uv/uv.bundle.js]
[kazwire.com/uv/uv.config.js]
[kazwire.com/uv.js]
[kazwire.com/search.html]
[kazwire.com/games/bitlife.html]
[kazwire.com/game/img/bitlife.png]
[kazwire.com/games23c8.html]
[kazwire.com/games8ec7.html]
[kazwire.com/games/retro-bowl.html]
[kazwire.com/game/img/retro-bowl.png]
[kazwire.com/gamesd5ca.html]
[kazwire.com/gamesc48c.html]
[kazwire.com/gamesabab.html]
[kazwire.com/games/subway-surfers.html]
[kazwire.com/game/img/subway-surfers.png]
[kazwire.com/games5e01.html]
[kazwire.com/games2b6e.html]
[kazwire.com/games/table-tennis-world-tour.html]
[kazwire.com/game/img/table-tennis-world-tour.png]
[kazwire.com/games/1v1-lol.html]
[kazwire.com/game/img/1v1-lol.png]
[kazwire.com/gamescd2b.html]
[kazwire.com/games/2048.html]
[kazwire.com/game/img/2048.png]
[kazwire.com/games/a-dance-of-fire-and-ice.html]
[kazwire.com/game/img/a-dance-of-fire-and-ice.png]
[kazwire.com/games/a-dark-room.html]
[kazwire.com/game/img/a-dark-room.png]
[kazwire.com/gamesfbeb.html]
[kazwire.com/games/agar.html]
[kazwire.com/game/img/agar.png]
[kazwire.com/games/age-of-war.html]
[kazwire.com/game/img/age-of-war.png]
[kazwire.com/games9b8e.html]
[kazwire.com/games/ball-dodge.html]
[kazwire.com/game/img/ball-dodge.png]
[kazwire.com/games/basketball-stars.html]
[kazwire.com/game/img/basketball-stars.png]
[kazwire.com/games/basket-random.html]
[kazwire.com/game/img/basket-random.png]
[kazwire.com/games/battle-boats.html]
[kazwire.com/game/img/battle-boats.png]
[kazwire.com/games/bike-mania.html]
[kazwire.com/game/img/bike-mania.png]
[kazwire.com/games/bloons-td.html]
[kazwire.com/game/img/bloons-td.png]
[kazwire.com/games/bloons-td2.html]
[kazwire.com/game/img/bloons-td2.webp]
[kazwire.com/games/bloons-td3.html]
[kazwire.com/game/img/bloons-td3.png]
[kazwire.com/games/bloons-td4.html]
[kazwire.com/game/img/bloons-td4.png]
[kazwire.com/games/bloxorz.html]
[kazwire.com/game/img/bloxorz.png]
[kazwire.com/games/bonk.html]
[kazwire.com/game/img/bonk.png]
[kazwire.com/games/bow-man.html]
[kazwire.com/game/img/bow-man.png]
[kazwire.com/games/breaklock.html]
[kazwire.com/game/img/breaklock.png]
[kazwire.com/games/buildroyale.html]
[kazwire.com/game/img/buildroyale.png]
[kazwire.com/games/cat-ninja.html]
[kazwire.com/game/img/cat-ninja.png]
[kazwire.com/games/chess.html]
[kazwire.com/game/img/chess.png]
[kazwire.com/games/dinogame.html]
[kazwire.com/game/img/dinogame.png]
[kazwire.com/games/coloron.html]
[kazwire.com/game/img/coloron.png]
[kazwire.com/games/combines.html]
[kazwire.com/game/img/combines.png]
[kazwire.com/games/gameoflife.html]
[kazwire.com/game/img/gameoflife.png]
[kazwire.com/games/cookie-clicker.html]
[kazwire.com/game/img/cookie-clicker.png]
[kazwire.com/games/core-ball.html]
[kazwire.com/game/img/core-ball.png]
[kazwire.com/games/crazy-taxi.html]
[kazwire.com/game/img/crazy-taxi.png]
[kazwire.com/games/crossy-road.html]
[kazwire.com/game/img/crossy-road.png]
[kazwire.com/games/cubefield.html]
[kazwire.com/game/img/cubefield.png]
[kazwire.com/games/dadish.html]
[kazwire.com/game/img/dadish.png]
[kazwire.com/games/dadish-2.html]
[kazwire.com/game/img/dadish-2.png]
[kazwire.com/games/diep.html]
[kazwire.com/game/img/diep.png]
[kazwire.com/games/donut-boy.html]
[kazwire.com/game/img/donut-boy.png]
[kazwire.com/games/doodle-jump.html]
[kazwire.com/game/img/doodle-jump.png]
[kazwire.com/games/drift-hunters.html]
[kazwire.com/game/img/drift-hunters.png]
[kazwire.com/games/ducklife1.html]
[kazwire.com/game/img/ducklife1.png]
[kazwire.com/games/ducklife2.html]
[kazwire.com/game/img/ducklife2.png]
[kazwire.com/games/ducklife3-evolution.html]
[kazwire.com/game/img/ducklife3-evolution.png]
[kazwire.com/games/ducklife4.html]
[kazwire.com/game/img/ducklife4.png]
[kazwire.com/games/feedvid-live.html]
[kazwire.com/game/img/feedvid-live.png]
[kazwire.com/games/fireboy-and-watergirl-forest-temple.html]
[kazwire.com/game/img/fireboy-and-watergirl-forest-temple.png]
[kazwire.com/games/fnaf.html]
[kazwire.com/game/img/fnaf.png]
[kazwire.com/games/fortnite.html]
[kazwire.com/game/img/fortnite.png]
[kazwire.com/games/fnf-vs-ex.html]
[kazwire.com/game/img/fnf-vs-ex.png]
[kazwire.com/games/frogger.html]
[kazwire.com/game/img/frogger.png]
[kazwire.com/games/fruit-ninja.html]
[kazwire.com/game/img/fruit-ninja.png]
[kazwire.com/games/geforce-now.html]
[kazwire.com/game/img/geforce-now.png]
[kazwire.com/games/geometry-dash.html]
[kazwire.com/game/img/geometry-dash.png]
[kazwire.com/games/giant-hamster-run.html]
[kazwire.com/game/img/giant-hamster-run.png]
[kazwire.com/games/gun-mayhem-2.html]
[kazwire.com/game/img/gun-mayhem-2.png]
[kazwire.com/games/idle-breakout.html]
[kazwire.com/game/img/idle-breakout.png]
[kazwire.com/games/impossible-quiz.html]
[kazwire.com/game/img/impossible-quiz.png]
[kazwire.com/games/jetpack-joyride.html]
[kazwire.com/game/img/jetpack-joyride.png]
[kazwire.com/games/jklm.html]
[kazwire.com/game/img/jklm.png]
[kazwire.com/games/kirka.html]
[kazwire.com/game/img/kirka.png]
[kazwire.com/games/kopanito-all-stars-soccer.html]
[kazwire.com/game/img/kopanito-all-stars-soccer.png]
[kazwire.com/games/krew.html]
[kazwire.com/game/img/krew.jpg]
[kazwire.com/games/krunker.html]
[kazwire.com/game/img/krunker.png]
[kazwire.com/games/learn-to-fly.html]
[kazwire.com/game/img/learn-to-fly.png]
[kazwire.com/games/mope.html]
[kazwire.com/game/img/mope.png]
[kazwire.com/games/moto-x3m.html]
[kazwire.com/game/img/moto-x3m.png]
[kazwire.com/games/ovo.html]
[kazwire.com/game/img/ovo.png]
[kazwire.com/games/packabunchas.html]
[kazwire.com/game/img/packabunchas.png]
[kazwire.com/games/papas-pizzeria.html]
[kazwire.com/game/img/papas-pizzeria.jpg]
[kazwire.com/games/people-playground.html]
[kazwire.com/game/img/people-playground.png]
[kazwire.com/games/physibox.html]
[kazwire.com/game/img/physibox.png]
[kazwire.com/games/pizza-tower.html]
[kazwire.com/game/img/pizza-tower.jpg]
[kazwire.com/games/pokemon-emerald.html]
[kazwire.com/game/img/pokemon-emerald.png]
[kazwire.com/games/pokemon-ruby.html]
[kazwire.com/game/img/pokemon-ruby.png]
[kazwire.com/games/pokemon-sapphire.html]
[kazwire.com/game/img/pokemon-sapphire.png]
[kazwire.com/games/pokemon-stadium-2.html]
[kazwire.com/game/img/pokemon-stadium-2.png]
[kazwire.com/games/portal.html]
[kazwire.com/game/img/portal.jpg]
[kazwire.com/games/portal-2.html]
[kazwire.com/game/img/portal-2.jpg]
[kazwire.com/games/realmz.html]
[kazwire.com/game/img/realmz.png]
[kazwire.com/games/repuls.html]
[kazwire.com/game/img/repuls.png]
[kazwire.com/games/riddle-school.html]
[kazwire.com/game/img/riddle-school.png]
[kazwire.com/games/riddle-school-2.html]
[kazwire.com/game/img/riddle-school-2.png]
[kazwire.com/games/riddle-school-3.html]
[kazwire.com/game/img/riddle-school-3.png]
[kazwire.com/games/riddle-school-4.html]
[kazwire.com/game/img/riddle-school-4.png]
[kazwire.com/games/riddle-school-5.html]
[kazwire.com/game/img/riddle-school-5.png]
[kazwire.com/games/rooftop-snipers.html]
[kazwire.com/game/img/rooftop-snipers.png]
[kazwire.com/games/run-3.html]
[kazwire.com/game/img/run-3.png]
[kazwire.com/games/slope.html]
[kazwire.com/game/img/slope.png]
[kazwire.com/games/slope-2.html]
[kazwire.com/game/img/slope-2.png]
[kazwire.com/games/soccer-random.html]
[kazwire.com/game/img/soccer-random.png]
[kazwire.com/games/sonic-1.html]
[kazwire.com/game/img/sonic-1.png]
[kazwire.com/games/sonic-original.html]
[kazwire.com/game/img/sonic-original.png]
[kazwire.com/games/sparebeat.html]
[kazwire.com/game/img/sparebeat.png]
[kazwire.com/games/stack.html]
[kazwire.com/game/img/stack.png]
[kazwire.com/games/strike-force-heroes.html]
[kazwire.com/game/img/strike-force-heroes.png]
[kazwire.com/games/strike-force-heroes-2.html]
[kazwire.com/game/img/strike-force-heroes-2.png]
[kazwire.com/games/super-mario-64.html]
[kazwire.com/game/img/super-mario-64.png]
[kazwire.com/games/swing-monkey.html]
[kazwire.com/game/img/swing-monkey.png]
[kazwire.com/games/tf2.html]
[kazwire.com/game/img/tf2.png]
[kazwire.com/games/temple-run-2.html]
[kazwire.com/game/img/temple-run-2.png]
[kazwire.com/games/tetris.html]
[kazwire.com/game/img/tetris.png]
[kazwire.com/games/chroma.html]
[kazwire.com/game/img/chroma.png]
[kazwire.com/games/the-great-sperm-race.html]
[kazwire.com/game/img/the-great-sperm-race.png]
[kazwire.com/games/there-is-no-game.html]
[kazwire.com/game/img/there-is-no-game.png]
[kazwire.com/games/tiny-fishing.html]
[kazwire.com/game/img/tiny-fishing.png]
[kazwire.com/games/tube-jumpers.html]
[kazwire.com/game/img/tube-jumpers.png]
[kazwire.com/games/typing-test.html]
[kazwire.com/game/img/typing-test.png]
[kazwire.com/games/universal-paperclips.html]
[kazwire.com/game/img/universal-paperclips.png]
[kazwire.com/games/vex-3.html]
[kazwire.com/game/img/vex-3.png]
[kazwire.com/games/vex-4.html]
[kazwire.com/game/img/vex-4.png]
[kazwire.com/games/vex-5.html]
[kazwire.com/game/img/vex-5.png]
[kazwire.com/games/wings.html]
[kazwire.com/game/img/wings.png]
[kazwire.com/games/wordle.html]
[kazwire.com/game/img/wordle.png]
[kazwire.com/games/worlds-hardest-game.html]
[kazwire.com/game/img/worlds-hardest-game.png]
[kazwire.com/games/xx142-b2exe.html]
[kazwire.com/game/img/xx142-b2exe.png]
[kazwire.com/games.html]
[kazwire.com/apps/discord.html]
[kazwire.com/app/img/discord.png]
[kazwire.com/apps/duckduckgo.html]
[kazwire.com/app/img/duckduckgo.png]
[kazwire.com/apps/geforce-now.html]
[kazwire.com/app/img/geforce-now.png]
[kazwire.com/apps/google.html]
[kazwire.com/app/img/google.png]
[kazwire.com/apps/mathway.html]
[kazwire.com/app/img/mathway.png]
[kazwire.com/apps/reddit.html]
[kazwire.com/app/img/reddit.png]
[kazwire.com/apps/spotify.html]
[kazwire.com/app/img/spotify.png]
[kazwire.com/apps/tiktok.html]
[kazwire.com/app/img/tiktok.png]
[kazwire.com/apps/youtube.html]
[kazwire.com/app/img/youtube.png]
[kazwire.com/apps.html]
[kazwire.com/legal/dmca.html]
[kazwire.com/about-the-developers.html]
[kazwire.com/embed.html]
[kazwire.com/request.html]
[kazwire.com/discord/browser.html]
[kazwire.com/discord/prompt.html]
[kazwire.com/faq.html]
[kazwire.com/final-grade.html]
[kazwire.com/legal/privacy-policy.html]
[kazwire.com/legal/tos.html]
[kazwire.com/games/bitlife.html]
[kazwire.com/games23c8.html]
[kazwire.com/games8ec7.html]
[kazwire.com/games/retro-bowl.html]
[kazwire.com/gamesd5ca.html]
[kazwire.com/gamesc48c.html]
[kazwire.com/gamesabab.html]
[kazwire.com/games/subway-surfers.html]
[kazwire.com/games5e01.html]
[kazwire.com/games2b6e.html]
[kazwire.com/games/table-tennis-world-tour.html]
[kazwire.com/games/1v1-lol.html]
[kazwire.com/gamescd2b.html]
[kazwire.com/games/2048.html]
[kazwire.com/games/a-dance-of-fire-and-ice.html]
[kazwire.com/games/a-dark-room.html]
[kazwire.com/gamesfbeb.html]
[kazwire.com/games/agar.html]
[kazwire.com/games/age-of-war.html]
[kazwire.com/games9b8e.html]
[kazwire.com/games/ball-dodge.html]
[kazwire.com/games/basketball-stars.html]
[kazwire.com/games/basket-random.html]
[kazwire.com/games/battle-boats.html]
[kazwire.com/games/bike-mania.html]
[kazwire.com/games/bloons-td.html]
[kazwire.com/games/bloons-td2.html]
[kazwire.com/games/bloons-td3.html]
[kazwire.com/games/bloons-td4.html]
[kazwire.com/games/bloxorz.html]
[kazwire.com/games/bonk.html]
[kazwire.com/games/bow-man.html]
[kazwire.com/games/breaklock.html]
[kazwire.com/games/buildroyale.html]
[kazwire.com/games/cat-ninja.html]
[kazwire.com/games/chess.html]
[kazwire.com/games/dinogame.html]
[kazwire.com/games/coloron.html]
[kazwire.com/games/combines.html]
[kazwire.com/games/gameoflife.html]
[kazwire.com/games/cookie-clicker.html]
[kazwire.com/games/core-ball.html]
[kazwire.com/games/crazy-taxi.html]
[kazwire.com/games/crossy-road.html]
[kazwire.com/games/cubefield.html]
[kazwire.com/games/dadish.html]
[kazwire.com/games/dadish-2.html]
[kazwire.com/games/diep.html]
[kazwire.com/games/donut-boy.html]
[kazwire.com/games/doodle-jump.html]
[kazwire.com/games/drift-hunters.html]
[kazwire.com/games/ducklife1.html]
[kazwire.com/games/ducklife2.html]
[kazwire.com/games/ducklife3-evolution.html]
[kazwire.com/games/ducklife4.html]
[kazwire.com/games/feedvid-live.html]
[kazwire.com/games/fireboy-and-watergirl-forest-temple.html]
[kazwire.com/games/fnaf.html]
[kazwire.com/games/fortnite.html]
[kazwire.com/games/fnf-vs-ex.html]
[kazwire.com/games/frogger.html]
[kazwire.com/games/fruit-ninja.html]
[kazwire.com/games/geforce-now.html]
[kazwire.com/games/geometry-dash.html]
[kazwire.com/games/giant-hamster-run.html]
[kazwire.com/games/gun-mayhem-2.html]
[kazwire.com/games/idle-breakout.html]
[kazwire.com/games/impossible-quiz.html]
[kazwire.com/games/jetpack-joyride.html]
[kazwire.com/games/jklm.html]
[kazwire.com/games/kirka.html]
[kazwire.com/games/kopanito-all-stars-soccer.html]
[kazwire.com/games/krew.html]
[kazwire.com/games/krunker.html]
[kazwire.com/games/learn-to-fly.html]
[kazwire.com/games/mope.html]
[kazwire.com/games/moto-x3m.html]
[kazwire.com/games/ovo.html]
[kazwire.com/games/packabunchas.html]
[kazwire.com/games/papas-pizzeria.html]
[kazwire.com/games/people-playground.html]
[kazwire.com/games/physibox.html]
[kazwire.com/games/pizza-tower.html]
[kazwire.com/games/pokemon-emerald.html]
[kazwire.com/games/pokemon-ruby.html]
[kazwire.com/games/pokemon-sapphire.html]
[kazwire.com/games/pokemon-stadium-2.html]
[kazwire.com/games/portal.html]
[kazwire.com/games/portal-2.html]
[kazwire.com/games/realmz.html]
[kazwire.com/games/repuls.html]
[kazwire.com/games/riddle-school.html]
[kazwire.com/games/riddle-school-2.html]
[kazwire.com/games/riddle-school-3.html]
[kazwire.com/games/riddle-school-4.html]
[kazwire.com/games/riddle-school-5.html]
[kazwire.com/games/rooftop-snipers.html]
[kazwire.com/games/run-3.html]
[kazwire.com/games/slope.html]
[kazwire.com/games/slope-2.html]
[kazwire.com/games/soccer-random.html]
[kazwire.com/games/sonic-1.html]
[kazwire.com/games/sonic-original.html]
[kazwire.com/games/sparebeat.html]
[kazwire.com/games/stack.html]
[kazwire.com/games/strike-force-heroes.html]
[kazwire.com/games/strike-force-heroes-2.html]
[kazwire.com/games/super-mario-64.html]
[kazwire.com/games/swing-monkey.html]
[kazwire.com/games/tf2.html]
[kazwire.com/games/temple-run-2.html]
[kazwire.com/games/tetris.html]
[kazwire.com/games/chroma.html]
[kazwire.com/games/the-great-sperm-race.html]
[kazwire.com/games/there-is-no-game.html]
[kazwire.com/games/tiny-fishing.html]
[kazwire.com/games/tube-jumpers.html]
[kazwire.com/games/typing-test.html]
[kazwire.com/games/universal-paperclips.html]
[kazwire.com/games/vex-3.html]
[kazwire.com/games/vex-4.html]
[kazwire.com/games/vex-5.html]
[kazwire.com/games/wings.html]
[kazwire.com/games/wordle.html]
[kazwire.com/games/worlds-hardest-game.html]
[kazwire.com/games/xx142-b2exe.html]
[kazwire.com/apps/discord.html]
[kazwire.com/apps/duckduckgo.html]
[kazwire.com/apps/geforce-now.html]
[kazwire.com/apps/google.html]
[kazwire.com/apps/mathway.html]
[kazwire.com/apps/reddit.html]
[kazwire.com/apps/spotify.html]
[kazwire.com/apps/tiktok.html]
[kazwire.com/apps/youtube.html]
[kazwire.com/discord/browser.html]
